// Vitest Snapshot v1, https://vitest.dev/guide/snapshot.html

exports[`<Keypad /> > renders 1`] = `
<DocumentFragment>
  <section
    aria-label="Keypad"
    class="keypad"
  >
    <button
      class="keypad-btn dark"
      type="button"
    >
      AC
    </button>
    <button
      class="keypad-btn dark"
      type="button"
    >
      C
    </button>
    <button
      class="keypad-btn dark"
      type="button"
    >
      %
    </button>
    <button
      class="keypad-btn dark"
      type="button"
    >
      รท
    </button>
    <button
      class="keypad-btn"
      type="button"
    >
      7
    </button>
    <button
      class="keypad-btn"
      type="button"
    >
      8
    </button>
    <button
      class="keypad-btn"
      type="button"
    >
      9
    </button>
    <button
      class="keypad-btn dark"
      type="button"
    >
      ร
    </button>
    <button
      class="keypad-btn"
      type="button"
    >
      4
    </button>
    <button
      class="keypad-btn"
      type="button"
    >
      5
    </button>
    <button
      class="keypad-btn"
      type="button"
    >
      6
    </button>
    <button
      class="keypad-btn dark"
      type="button"
    >
      -
    </button>
    <button
      class="keypad-btn"
      type="button"
    >
      1
    </button>
    <button
      class="keypad-btn"
      type="button"
    >
      2
    </button>
    <button
      class="keypad-btn"
      type="button"
    >
      3
    </button>
    <button
      class="keypad-btn dark"
      type="button"
    >
      +
    </button>
    <button
      class="keypad-btn wide"
      type="button"
    >
      0
    </button>
    <button
      class="keypad-btn"
      type="button"
    >
      .
    </button>
    <button
      class="keypad-btn primary"
      type="button"
    >
      =
    </button>
  </section>
</DocumentFragment>
`;
